C51 COMPILER V9.01   MAIN                                                                  08/22/2016 16:13:32 PAGE 1   


C51 COMPILER V9.01, COMPILATION OF MODULE MAIN
OBJECT MODULE PLACED IN main.OBJ
COMPILER INVOKED BY: J:\mdk4\C51\BIN\C51.EXE main.c BROWSE DEBUG OBJECTEXTEND

line level    source

   1          /**************************************************************************************
   2          *                             外部中断0实验                                                                                               *
   3          实现现象：下载程序后，按照光盘内操作视频接线，操作K3按键使LED1（D11）状态取反
   4          注意事项：无。                                                                                                                                                            
   5          ***************************************************************************************/
   6          
   7          #include "reg52.h"                       //此文件中定义了单片机的一些特殊功能寄存器
   8          
   9          typedef unsigned int u16;         //对数据类型进行声明定义
  10          typedef unsigned char u8;
  11          
  12          sbit k3=P3^2;  //定义按键K3
  13          sbit led=P2^0;   //定义P20口是led
  14          
  15          /*******************************************************************************
  16          * 函 数 名         : delay
  17          * 函数功能                 : 延时函数，i=1时，大约延时10us
  18          *******************************************************************************/
  19          void delay(u16 i)
  20          {
  21   1              while(i--);     
  22   1      }
  23          
  24          /*******************************************************************************
  25          * 函 数 名         : Int1Init()
  26          * 函数功能                 : 设置外部中断1
  27          * 输    入         : 无
  28          * 输    出         : 无
  29          *******************************************************************************/
  30          void Int0Init()
  31          {
  32   1              //设置INT0
  33   1              IT0=1;//跳变沿出发方式（下降沿）
  34   1              EX0=1;//打开INT0的中断允许。    
  35   1              EA=1;//打开总中断       
  36   1      }
  37          
  38          /*******************************************************************************
  39          * 函 数 名       : main
  40          * 函数功能               : 主函数
  41          * 输    入       : 无
  42          * 输    出       : 无
  43          *******************************************************************************/
  44          void main()
  45          {       
  46   1              Int0Init();  // 设置外部中断0
  47   1              while(1);               
  48   1      }
  49          
  50          /*******************************************************************************
  51          * 函 数 名         : Int0()     interrupt 0
  52          * 函数功能                 : 外部中断0的中断函数
  53          * 输    入         : 无
  54          * 输    出         : 无
  55          *******************************************************************************/
C51 COMPILER V9.01   MAIN                                                                  08/22/2016 16:13:32 PAGE 2   

  56          
  57          void Int0()     interrupt 0             //外部中断0的中断函数
  58          {
  59   1              delay(1000);     //延时消抖
  60   1              if(k3==0)
  61   1              {
  62   2                      led=~led;
  63   2              }
  64   1      }


MODULE INFORMATION:   STATIC OVERLAYABLE
   CODE SIZE        =     59    ----
   CONSTANT SIZE    =   ----    ----
   XDATA SIZE       =   ----    ----
   PDATA SIZE       =   ----    ----
   DATA SIZE        =   ----    ----
   IDATA SIZE       =   ----    ----
   BIT SIZE         =   ----    ----
END OF MODULE INFORMATION.


C51 COMPILATION COMPLETE.  0 WARNING(S),  0 ERROR(S)
