C51 COMPILER V9.01   MAIN                                                                  08/22/2016 15:16:51 PAGE 1   


C51 COMPILER V9.01, COMPILATION OF MODULE MAIN
OBJECT MODULE PLACED IN main.OBJ
COMPILER INVOKED BY: J:\mdk4\C51\BIN\C51.EXE main.c BROWSE DEBUG OBJECTEXTEND

line level    source

   1          /**************************************************************************************
   2          *                             直流电机实验                                                                                                *
   3          实现现象：下载程序后，按照光盘内操作视频接线，直流电机可以旋转大约5S，然后停止
   4          注意事项：无                                                                                                                                                              
   5          ***************************************************************************************/
   6          
   7          #include "reg52.h"                       //此文件中定义了单片机的一些特殊功能寄存器
   8          #include<intrins.h>             //因为要用到左右移函数，所以加入这个头文件
   9          
  10          typedef unsigned int u16;         //对数据类型进行声明定义
  11          typedef unsigned char u8;
  12          
  13          sbit moto=P1^0;          
  14          
  15          /*******************************************************************************
  16          * 函 数 名         : delay
  17          * 函数功能                 : 延时函数，i=1时，大约延时10us
  18          *******************************************************************************/
  19          void delay(u16 i)
  20          {
  21   1              while(i--);     
  22   1      }
  23          
  24          /*******************************************************************************
  25          * 函 数 名       : main
  26          * 函数功能               : 主函数
  27          * 输    入       : 无
  28          * 输    出       : 无
  29          *******************************************************************************/
  30          void main()
  31          {       
  32   1              u8 i;
  33   1              moto=0;                 //关闭电机
  34   1              for(i=0;i<100;i++)        //循环100次，也就是大约5S
  35   1              {
  36   2                      moto=1;                  //开启电机
  37   2                      delay(5000);    //大约延时50ms
  38   2              }
  39   1              moto=0;                 //关闭电机
  40   1      
  41   1              while(1)
  42   1              {       
  43   2                                                      
  44   2              }
  45   1      }


MODULE INFORMATION:   STATIC OVERLAYABLE
   CODE SIZE        =     32    ----
   CONSTANT SIZE    =   ----    ----
   XDATA SIZE       =   ----    ----
   PDATA SIZE       =   ----    ----
   DATA SIZE        =   ----    ----
   IDATA SIZE       =   ----    ----
   BIT SIZE         =   ----    ----
C51 COMPILER V9.01   MAIN                                                                  08/22/2016 15:16:51 PAGE 2   

END OF MODULE INFORMATION.


C51 COMPILATION COMPLETE.  0 WARNING(S),  0 ERROR(S)
