C51 COMPILER V9.01   MAIN                                                                  08/23/2016 14:43:57 PAGE 1   


C51 COMPILER V9.01, COMPILATION OF MODULE MAIN
OBJECT MODULE PLACED IN main.OBJ
COMPILER INVOKED BY: J:\mdk4\C51\BIN\C51.EXE main.c BROWSE DEBUG OBJECTEXTEND

line level    source

   1          /**************************************************************************************
   2          *                             DS18B20温度传感器实验                                                                                               *
   3          实现现象：      具体接线操作请看视频。
   4                                  下载程序后，在温度传感器接口处，按照丝印方向插好温度传感器，数码管就会显示
   5                                  检测的温度值，
   6          注意事项：                                                                                                                                                                
   7          ***************************************************************************************/
   8          
   9          #include "reg52.h"                       //此文件中定义了单片机的一些特殊功能寄存器
  10          #include"temp.h"        
  11          
  12          typedef unsigned int u16;         //对数据类型进行声明定义
  13          typedef unsigned char u8;
  14          
  15          sbit LSA=P2^2;
  16          sbit LSB=P2^3;
  17          sbit LSC=P2^4;
  18          
  19          
  20          char num=0;
  21          u8 DisplayData[8];
  22          u8 code smgduan[10]={0x3f,0x06,0x5b,0x4f,0x66,0x6d,0x7d,0x07,0x7f,0x6f};
  23          
  24          /*******************************************************************************
  25          * 函 数 名         : delay
  26          * 函数功能                 : 延时函数，i=1时，大约延时10us
  27          *******************************************************************************/
  28          void delay(u16 i)
  29          {
  30   1              while(i--);     
  31   1      }
  32          
  33          
  34          /*******************************************************************************
  35          * 函 数 名         : datapros()
  36          * 函数功能                 : 温度读取处理转换函数
  37          * 输    入         : temp
  38          * 输    出         : 无
  39          *******************************************************************************/
  40          
  41          void datapros(int temp)          
  42          {
  43   1              float tp;  
  44   1              if(temp< 0)                             //当温度值为负数
  45   1              {
  46   2                      DisplayData[0] = 0x40;    //   -
  47   2                      //因为读取的温度是实际温度的补码，所以减1，再取反求出原码
  48   2                      temp=temp-1;
  49   2                      temp=~temp;
  50   2                      tp=temp;
  51   2                      temp=tp*0.0625*100+0.5; 
  52   2                      //留两个小数点就*100，+0.5是四舍五入，因为C语言浮点数转换为整型的时候把小数点
  53   2                      //后面的数自动去掉，不管是否大于0.5，而+0.5之后大于0.5的就是进1了，小于0.5的就
  54   2                      //算加上0.5，还是在小数点后面。
  55   2       
C51 COMPILER V9.01   MAIN                                                                  08/23/2016 14:43:57 PAGE 2   

  56   2              }
  57   1              else
  58   1              {                       
  59   2                      DisplayData[0] = 0x00;
  60   2                      tp=temp;//因为数据处理有小数点所以将温度赋给一个浮点型变量
  61   2                      //如果温度是正的那么，那么正数的原码就是补码它本身
  62   2                      temp=tp*0.0625*100+0.5; 
  63   2                      //留两个小数点就*100，+0.5是四舍五入，因为C语言浮点数转换为整型的时候把小数点
  64   2                      //后面的数自动去掉，不管是否大于0.5，而+0.5之后大于0.5的就是进1了，小于0.5的就
  65   2                      //算加上0.5，还是在小数点后面。
  66   2              }
  67   1              DisplayData[1] = smgduan[temp / 10000];
  68   1              DisplayData[2] = smgduan[temp % 10000 / 1000];
  69   1              DisplayData[3] = smgduan[temp % 1000 / 100] | 0x80;
  70   1              DisplayData[4] = smgduan[temp % 100 / 10];
  71   1              DisplayData[5] = smgduan[temp % 10];
  72   1      }
  73          
  74          
  75          /*******************************************************************************
  76          * 函数名         :DigDisplay()
  77          * 函数功能               :数码管显示函数
  78          * 输入           : 无
  79          * 输出           : 无
  80          *******************************************************************************/
  81          void DigDisplay()
  82          {
  83   1              u8 i;
  84   1              for(i=0;i<6;i++)
  85   1              {
  86   2                      switch(i)        //位选，选择点亮的数码管，
  87   2                      {
  88   3                              case(0):
  89   3                                      LSA=0;LSB=0;LSC=0; break;//显示第0位
  90   3                              case(1):
  91   3                                      LSA=1;LSB=0;LSC=0; break;//显示第1位
  92   3                              case(2):
  93   3                                      LSA=0;LSB=1;LSC=0; break;//显示第2位
  94   3                              case(3):
  95   3                                      LSA=1;LSB=1;LSC=0; break;//显示第3位
  96   3                              case(4):
  97   3                                      LSA=0;LSB=0;LSC=1; break;//显示第4位
  98   3                              case(5):
  99   3                                      LSA=1;LSB=0;LSC=1; break;//显示第5位    
 100   3                      }
 101   2                      P0=DisplayData[i];//发送数据
 102   2                      delay(100); //间隔一段时间扫描  
 103   2                      P0=0x00;//消隐
 104   2              }               
 105   1      }
 106          
 107          /*******************************************************************************
 108          * 函 数 名       : main
 109          * 函数功能               : 主函数
 110          * 输    入       : 无
 111          * 输    出       : 无
 112          *******************************************************************************/
 113          void main()
 114          {       
 115   1              while(1)
 116   1              {
 117   2                      datapros(Ds18b20ReadTemp());     //数据处理函数
C51 COMPILER V9.01   MAIN                                                                  08/23/2016 14:43:57 PAGE 3   

 118   2                      DigDisplay();//数码管显示函数           
 119   2              }               
 120   1      }
 121          


MODULE INFORMATION:   STATIC OVERLAYABLE
   CODE SIZE        =    348    ----
   CONSTANT SIZE    =     10    ----
   XDATA SIZE       =   ----    ----
   PDATA SIZE       =   ----    ----
   DATA SIZE        =      9       4
   IDATA SIZE       =   ----    ----
   BIT SIZE         =   ----    ----
END OF MODULE INFORMATION.


C51 COMPILATION COMPLETE.  0 WARNING(S),  0 ERROR(S)
