C51 COMPILER V9.55   MAIN                                                                  06/20/2020 21:28:26 PAGE 1   


C51 COMPILER V9.55, COMPILATION OF MODULE MAIN
OBJECT MODULE PLACED IN .\Objects\main.obj
COMPILER INVOKED BY: C:\Keil_v5\C51\BIN\C51.EXE main.c OPTIMIZE(8,SPEED) BROWSE DEBUG OBJECTEXTEND PRINT(.\Listings\main
                    -.lst) TABS(2) OBJECT(.\Objects\main.obj)

line level    source

   1          #include "reg51.h"
   2          #include "intrins.h"
   3          
   4          /*
   5            LCD1602管脚介绍
   6            1、VSS 电源地
   7            2、VDD 电源正极
   8            3、VL  液晶显示偏压信号，调整对比度
   9            4、RS  数据/命令 选择端 （数据H 命令L）
  10            5、R/W 读/写     选择端 （读H   写L）   直接接地，一直写
  11            6、E   使能信号
  12            7、D0
  13            8、D1
  14            9、D2
  15            10、D3
  16            11、D4
  17            12、D5
  18            13、D6
  19            14、D7
  20            15、BLA 背光正极
  21            16、BLK 背光负极
  22            
  23            命令：
  24              RS=0;
  25              R/W=0
  26              data:
  27                0x01: 清屏
  28                
  29                0x04: 写入新数据后光标左移  显示屏不移动
  30                0x05: 写入新数据后光标左移  显示屏整体右移1个字符
  31                0x06: 写入新数据后光标右移  显示屏不移动
  32                0x07: 写入新数据后光标右移  显示屏整体右移1个字符
  33              
  34                0x08: 显示器功能关 无光标 光标闪烁
  35                0x09: 显示器功能关 无光标 光标不闪烁
  36                0x0a: 显示器功能关 有光标 光标闪烁
  37                0x0b: 显示器功能关 有光标 光标不闪烁
  38                0x0c: 显示器功能开 无光标 光标闪烁
  39                0x0d: 显示器功能开 无光标 光标不闪烁
  40                0x0e: 显示器功能开 有光标 光标闪烁
  41                0x0f: 显示器功能开 有光标 光标不闪烁
  42              
  43              DDRAM:
  44                第一行：00H 01H 02H 03H 04H 05H 06H ...... 27H  // 00-0f为显示位  后面为缓冲区
  45                第二行：40H 41H 42H 43H 44H 45H 46H ...... 67H  // 40-4f为显示位  后面为缓冲区
  46                // 在实现滚动时可以使用缓冲区实现
  47                // 在使用时 这些地址要 叫0x80
  48            
  49          */
  50          
  51          #define DATAPORT P0
  52          
  53          sbit E = P2^7;
  54          sbit RS = P2^6;
C51 COMPILER V9.55   MAIN                                                                  06/20/2020 21:28:26 PAGE 2   

  55          sbit RW = P2^5;
  56          
  57          void delay1ms(void)   //误差 0us
  58          {
  59   1          unsigned char a,b,c;
  60   1          for(c=1;c>0;c--)
  61   1              for(b=142;b>0;b--)
  62   1                  for(a=2;a>0;a--);
  63   1      }
  64          
  65          
  66          void WriteCommand(unsigned char comm)
  67          {
  68   1        E = 0;  // E为高电平时会将引脚上的数据写入寄存器 
  69   1        RS = 0; // 发送命令
  70   1        RW = 0; // 写
  71   1        DATAPORT=comm;
  72   1        delay1ms();
  73   1          
  74   1        E = 1;  // 写入
  75   1        delay1ms();
  76   1        E = 0;
  77   1      }
  78          
  79          void WriteData(unsigned char value)
  80          {
  81   1        E = 0;
  82   1        RS = 1; // 发送数据
  83   1        RW = 0; // 写
  84   1        
  85   1        DATAPORT = value;
  86   1        delay1ms();
  87   1        E = 1;
  88   1        delay1ms();
  89   1        E = 0;
  90   1      }
  91          
  92          //////busy返回1，否则返回0//////
  93          char IsBusy()
  94          {
  95   1        
  96   1        return 0;
  97   1      }
  98          
  99          
 100          
 101          void LCD1602Init()
 102          {
 103   1        WriteCommand(0x38); // 8位数据总线 2行显示 5*7点阵/每字符
 104   1        WriteCommand(0x06); // 写后光标右移，不移动屏幕
 105   1        WriteCommand(0x0c); // 开显示 不显示光标
 106   1        WriteCommand(0x01); // 清屏
 107   1        WriteCommand(0x80); // 起始显示点，第一个行第一个位置
 108   1      }
 109          
 110          char str1[] = "hello lcd1602";
 111          char str2[] = "Hello LCD1602";
 112          
 113          void main()
 114          {
 115   1        unsigned char i=0;
 116   1        LCD1602Init();
C51 COMPILER V9.55   MAIN                                                                  06/20/2020 21:28:26 PAGE 3   

 117   1        for (i=0;i<16;i++){
 118   2          if(str1[i]=='\0'){  // 可以有效防止显示乱码
 119   3            break;
 120   3          }
 121   2          WriteData(str1[i]);
 122   2        }
 123   1        WriteCommand(0x80+0x40);  // 第二行
 124   1        for (i=0;i<16;i++){
 125   2          if(str2[i]=='\0'){
 126   3            break;
 127   3          }
 128   2          WriteData(str2[i]);
 129   2        }
 130   1        while(1);
 131   1      }


MODULE INFORMATION:   STATIC OVERLAYABLE
   CODE SIZE        =    114    ----
   CONSTANT SIZE    =   ----    ----
   XDATA SIZE       =   ----    ----
   PDATA SIZE       =   ----    ----
   DATA SIZE        =     28    ----
   IDATA SIZE       =   ----    ----
   BIT SIZE         =   ----    ----
END OF MODULE INFORMATION.


C51 COMPILATION COMPLETE.  0 WARNING(S),  0 ERROR(S)
