C51 COMPILER V9.01   MAIN                                                                  08/23/2016 14:57:46 PAGE 1   


C51 COMPILER V9.01, COMPILATION OF MODULE MAIN
OBJECT MODULE PLACED IN main.OBJ
COMPILER INVOKED BY: J:\mdk4\C51\BIN\C51.EXE main.c BROWSE DEBUG OBJECTEXTEND

line level    source

   1          /**************************************************************************************
   2          *                             红外通信实验                                                                                                *
   3          实现现象：      具体接线操作请参考视频
   4                                  下载程序后，数码管显示红外遥控键值数据
   5          注意事项：      红外遥控模块的短接片J1短接，
   6                                  红外遥控器内的电池绝缘片一定要抽掉                                                                                                                                                        
   7          ***************************************************************************************/
   8          
   9          #include "reg52.h"                       //此文件中定义了单片机的一些特殊功能寄存器
  10                  
  11          
  12          typedef unsigned int u16;         //对数据类型进行声明定义
  13          typedef unsigned char u8;
  14          
  15          sbit LSA=P2^2;
  16          sbit LSB=P2^3;
  17          sbit LSC=P2^4;
  18          
  19          sbit IRIN=P3^2;
  20          
  21          u8 IrValue[6];
  22          u8 Time;
  23          
  24          u8 DisplayData[8];
  25          u8 code smgduan[17]={
  26          0x3f,0x06,0x5b,0x4f,0x66,0x6d,0x7d,0x07,
  27          0x7f,0x6f,0x77,0x7c,0x39,0x5e,0x79,0x71,0X76};
  28          //0、1、2、3、4、5、6、7、8、9、A、b、C、d、E、F、H的显示码
  29          
  30          /*******************************************************************************
  31          * 函 数 名         : delay
  32          * 函数功能                 : 延时函数，i=1时，大约延时10us
  33          *******************************************************************************/
  34          void delay(u16 i)
  35          {
  36   1              while(i--);     
  37   1      }
  38          
  39          
  40          /*******************************************************************************
  41          * 函数名         :DigDisplay()
  42          * 函数功能               :数码管显示函数
  43          * 输入           : 无
  44          * 输出           : 无
  45          *******************************************************************************/
  46          void DigDisplay()
  47          {
  48   1              u8 i;
  49   1              for(i=0;i<3;i++)
  50   1              {
  51   2                      switch(i)        //位选，选择点亮的数码管，
  52   2                      {
  53   3                              case(0):
  54   3                                      LSA=0;LSB=0;LSC=0; break;//显示第0位
  55   3                              case(1):
C51 COMPILER V9.01   MAIN                                                                  08/23/2016 14:57:46 PAGE 2   

  56   3                                      LSA=1;LSB=0;LSC=0; break;//显示第1位
  57   3                              case(2):
  58   3                                      LSA=0;LSB=1;LSC=0; break;//显示第2位    
  59   3                      }
  60   2                      P0=DisplayData[i];//发送数据
  61   2                      delay(100); //间隔一段时间扫描  
  62   2                      P0=0x00;//消隐
  63   2              }               
  64   1      }
  65          
  66          
  67          /*******************************************************************************
  68          * 函数名         : IrInit()
  69          * 函数功能                 : 初始化红外线接收
  70          * 输入           : 无
  71          * 输出           : 无
  72          *******************************************************************************/
  73          
  74          void IrInit()
  75          {
  76   1              IT0=1;//下降沿触发
  77   1              EX0=1;//打开中断0允许
  78   1              EA=1;   //打开总中断
  79   1      
  80   1              IRIN=1;//初始化端口
  81   1      }
  82          
  83          
  84          /*******************************************************************************
  85          * 函 数 名       : main
  86          * 函数功能               : 主函数
  87          * 输    入       : 无
  88          * 输    出       : 无
  89          *******************************************************************************/
  90          void main()
  91          {       
  92   1              IrInit();
  93   1              while(1)
  94   1              {       
  95   2                      DisplayData[0] = smgduan[IrValue[2]/16];
  96   2                      DisplayData[1] = smgduan[IrValue[2]%16];
  97   2                      DisplayData[2] = smgduan[16];
  98   2                  DigDisplay();               
  99   2              }               
 100   1      }
 101          
 102          /*******************************************************************************
 103          * 函数名         : ReadIr()
 104          * 函数功能                 : 读取红外数值的中断函数
 105          * 输入           : 无
 106          * 输出           : 无
 107          *******************************************************************************/
 108          
 109          void ReadIr() interrupt 0
 110          {
 111   1              u8 j,k;
 112   1              u16 err;
 113   1              Time=0;                                  
 114   1              delay(700);     //7ms
 115   1              if(IRIN==0)             //确认是否真的接收到正确的信号
 116   1              {        
 117   2                      
C51 COMPILER V9.01   MAIN                                                                  08/23/2016 14:57:46 PAGE 3   

 118   2                      err=1000;                               //1000*10us=10ms,超过说明接收到错误的信号
 119   2                      /*当两个条件都为真是循环，如果有一个条件为假的时候跳出循环，免得程序出错的时
 120   2                      侯，程序死在这里*/      
 121   2                      while((IRIN==0)&&(err>0))       //等待前面9ms的低电平过去               
 122   2                      {                       
 123   3                              delay(1);
 124   3                              err--;
 125   3                      } 
 126   2                      if(IRIN==1)                     //如果正确等到9ms低电平
 127   2                      {
 128   3                              err=500;
 129   3                              while((IRIN==1)&&(err>0))                //等待4.5ms的起始高电平过去
 130   3                              {
 131   4                                      delay(1);
 132   4                                      err--;
 133   4                              }
 134   3                              for(k=0;k<4;k++)                //共有4组数据
 135   3                              {                               
 136   4                                      for(j=0;j<8;j++)        //接收一组数据
 137   4                                      {
 138   5      
 139   5                                              err=60;         
 140   5                                              while((IRIN==0)&&(err>0))//等待信号前面的560us低电平过去
 141   5                                              {
 142   6                                                      delay(1);
 143   6                                                      err--;
 144   6                                              }
 145   5                                              err=500;
 146   5                                              while((IRIN==1)&&(err>0))        //计算高电平的时间长度。
 147   5                                              {
 148   6                                                      delay(10);       //0.1ms
 149   6                                                      Time++;
 150   6                                                      err--;
 151   6                                                      if(Time>30)
 152   6                                                      {
 153   7                                                              return;
 154   7                                                      }
 155   6                                              }
 156   5                                              IrValue[k]>>=1;  //k表示第几组数据
 157   5                                              if(Time>=8)                     //如果高电平出现大于565us，那么是1
 158   5                                              {
 159   6                                                      IrValue[k]|=0x80;
 160   6                                              }
 161   5                                              Time=0;         //用完时间要重新赋值                                                    
 162   5                                      }
 163   4                              }
 164   3                      }
 165   2                      if(IrValue[2]!=~IrValue[3])
 166   2                      {
 167   3                              return;
 168   3                      }
 169   2              }                       
 170   1      }
 171          


MODULE INFORMATION:   STATIC OVERLAYABLE
   CODE SIZE        =    339    ----
   CONSTANT SIZE    =     17    ----
   XDATA SIZE       =   ----    ----
   PDATA SIZE       =   ----    ----
   DATA SIZE        =     15       1
C51 COMPILER V9.01   MAIN                                                                  08/23/2016 14:57:46 PAGE 4   

   IDATA SIZE       =   ----    ----
   BIT SIZE         =   ----    ----
END OF MODULE INFORMATION.


C51 COMPILATION COMPLETE.  0 WARNING(S),  0 ERROR(S)
